[templates.iqonic.design/cloudbox/html/backend/index.html]
[backblue.gif]
[fade.gif]
[index.html]
[templates.iqonic.design/cloudbox/html/assets/css/backend-plugin.min.css]
[templates.iqonic.design/cloudbox/html/assets/css/backende209.css]
[templates.iqonic.design/cloudbox/html/assets/vendor/@fortawesome/fontawesome-free/css/all.min.css]
[templates.iqonic.design/cloudbox/html/assets/vendor/line-awesome/dist/line-awesome/css/line-awesome.min.css]
[templates.iqonic.design/cloudbox/html/assets/vendor/remixicon/fonts/remixicon.css]
[templates.iqonic.design/cloudbox/html/assets/vendor/doc-viewer/include/pdf/pdf.viewer.css]
[templates.iqonic.design/cloudbox/html/assets/vendor/doc-viewer/include/PPTXjs/css/pptxjs.css]
[templates.iqonic.design/cloudbox/html/assets/vendor/doc-viewer/include/PPTXjs/css/nv.d3.min.css]
[templates.iqonic.design/cloudbox/html/assets/vendor/doc-viewer/include/SheetJS/handsontable.full.min.css]
[templates.iqonic.design/cloudbox/html/assets/vendor/doc-viewer/include/verySimpleImageViewer/css/jquery.verySimpleImageViewer.css]
[templates.iqonic.design/cloudbox/html/assets/vendor/doc-viewer/include/officeToHtml/officeToHtml.css]
[templates.iqonic.design/cloudbox/html/assets/images/logo.png]
[templates.iqonic.design/cloudbox/html/assets/images/logo-white.png]
[templates.iqonic.design/cloudbox/html/backend/page-alexa.html]
[templates.iqonic.design/cloudbox/html/backend/page-android.html]
[templates.iqonic.design/cloudbox/html/backend/page-brightspot.html]
[templates.iqonic.design/cloudbox/html/backend/page-ionic.html]
[templates.iqonic.design/cloudbox/html/backend/page-files.html]
[templates.iqonic.design/cloudbox/html/backend/page-folders.html]
[templates.iqonic.design/cloudbox/html/backend/page-favourite.html]
[templates.iqonic.design/cloudbox/html/backend/page-delete.html]
[templates.iqonic.design/cloudbox/html/backend/ui-avatars.html]
[templates.iqonic.design/cloudbox/html/backend/ui-alerts.html]
[templates.iqonic.design/cloudbox/html/backend/ui-badges.html]
[templates.iqonic.design/cloudbox/html/backend/ui-breadcrumb.html]
[templates.iqonic.design/cloudbox/html/backend/ui-buttons.html]
[templates.iqonic.design/cloudbox/html/backend/ui-buttons-group.html]
[templates.iqonic.design/cloudbox/html/backend/ui-boxshadow.html]
[templates.iqonic.design/cloudbox/html/backend/ui-colors.html]
[templates.iqonic.design/cloudbox/html/backend/ui-cards.html]
[templates.iqonic.design/cloudbox/html/backend/ui-carousel.html]
[templates.iqonic.design/cloudbox/html/backend/ui-grid.html]
[templates.iqonic.design/cloudbox/html/backend/ui-helper-classes.html]
[templates.iqonic.design/cloudbox/html/backend/ui-images.html]
[templates.iqonic.design/cloudbox/html/backend/ui-list-group.html]
[templates.iqonic.design/cloudbox/html/backend/ui-media-object.html]
[templates.iqonic.design/cloudbox/html/backend/ui-modal.html]
[templates.iqonic.design/cloudbox/html/backend/ui-notifications.html]
[templates.iqonic.design/cloudbox/html/backend/ui-pagination.html]
[templates.iqonic.design/cloudbox/html/backend/ui-popovers.html]
[templates.iqonic.design/cloudbox/html/backend/ui-progressbars.html]
[templates.iqonic.design/cloudbox/html/backend/ui-typography.html]
[templates.iqonic.design/cloudbox/html/backend/ui-tabs.html]
[templates.iqonic.design/cloudbox/html/backend/ui-tooltips.html]
[templates.iqonic.design/cloudbox/html/backend/ui-embed-video.html]
[templates.iqonic.design/cloudbox/html/backend/auth-sign-in.html]
[templates.iqonic.design/cloudbox/html/backend/auth-sign-up.html]
[templates.iqonic.design/cloudbox/html/backend/auth-recoverpw.html]
[templates.iqonic.design/cloudbox/html/backend/auth-confirm-mail.html]
[templates.iqonic.design/cloudbox/html/backend/auth-lock-screen.html]
[templates.iqonic.design/cloudbox/html/backend/pricing.html]
[templates.iqonic.design/cloudbox/html/backend/pricing-2.html]
[templates.iqonic.design/cloudbox/html/backend/pages-error.html]
[templates.iqonic.design/cloudbox/html/backend/pages-error-500.html]
[templates.iqonic.design/cloudbox/html/backend/pages-blank-page.html]
[templates.iqonic.design/cloudbox/html/backend/pages-maintenance.html]
[templates.iqonic.design/cloudbox/html/assets/images/layouts/mydrive/background.png]
[templates.iqonic.design/cloudbox/html/assets/images/layouts/mydrive/folder-1.png]
[templates.iqonic.design/cloudbox/html/assets/images/layouts/mydrive/folder-2.png]
[templates.iqonic.design/cloudbox/html/assets/images/layouts/page-1/pdf.png]
[templates.iqonic.design/cloudbox/html/assets/images/layouts/page-1/doc.png]
[templates.iqonic.design/cloudbox/html/assets/images/layouts/page-1/xlsx.png]
[templates.iqonic.design/cloudbox/html/assets/images/layouts/page-1/ppt.png]
[templates.iqonic.design/cloudbox/html/assets/images/layouts/mydrive/lock-bg.png]
[templates.iqonic.design/cloudbox/html/backend/privacy-policy.html]
[templates.iqonic.design/cloudbox/html/backend/terms-of-service.html]
[templates.iqonic.design/cloudbox/html/assets/js/customizer.js]
[templates.iqonic.design/cloudbox/html/assets/js/chart-custom.js]
[templates.iqonic.design/cloudbox/html/assets/vendor/doc-viewer/include/pdf/pdf.js]
[templates.iqonic.design/cloudbox/html/assets/js/backend-bundle.min.js]
[templates.iqonic.design/cloudbox/html/assets/vendor/doc-viewer/include/docx/jszip-utils.js]
[templates.iqonic.design/cloudbox/html/assets/vendor/doc-viewer/include/docx/mammoth.browser.min.js]
[templates.iqonic.design/cloudbox/html/assets/vendor/doc-viewer/include/PPTXjs/js/filereader.js]
[templates.iqonic.design/cloudbox/html/assets/vendor/doc-viewer/include/PPTXjs/js/d3.min.js]
[templates.iqonic.design/cloudbox/html/assets/vendor/doc-viewer/include/PPTXjs/js/nv.d3.min.js]
[templates.iqonic.design/cloudbox/html/assets/vendor/doc-viewer/include/PPTXjs/js/pptxjs.js]
[templates.iqonic.design/cloudbox/html/assets/vendor/doc-viewer/include/PPTXjs/js/divs2slides.js]
[templates.iqonic.design/cloudbox/html/assets/vendor/doc-viewer/include/SheetJS/handsontable.full.min.js]
[templates.iqonic.design/cloudbox/html/assets/vendor/doc-viewer/include/verySimpleImageViewer/js/jquery.verySimpleImageViewer.js]
[templates.iqonic.design/cloudbox/html/assets/vendor/doc-viewer/include/SheetJS/xlsx.full.min.js]
[templates.iqonic.design/cloudbox/html/assets/js/app.js]
[templates.iqonic.design/cloudbox/html/assets/vendor/doc-viewer/include/officeToHtml/officeToHtml.js]
[templates.iqonic.design/cloudbox/html/assets/js/doc-viewer.js]
[templates.iqonic.design/cloudbox/html/backend/index.html]
[templates.iqonic.design/cloudbox/html/assets/images/loader.gif]
[templates.iqonic.design/cloudbox/html/assets/images/dark-loader.gif]
[templates.iqonic.design/cloudbox/html/assets/images/sort_both.png]
[templates.iqonic.design/cloudbox/html/assets/images/sort_asc.png]
[templates.iqonic.design/cloudbox/html/assets/images/sort_desc.png]
[templates.iqonic.design/cloudbox/html/assets/images/sort_asc_disabled.png]
[templates.iqonic.design/cloudbox/html/assets/images/sort_desc_disabled.png]
[templates.iqonic.design/cloudbox/html/assets/css/backend-plugin.min.css]
[templates.iqonic.design/cloudbox/html/assets/css/backende209.css]
[templates.iqonic.design/cloudbox/html/assets/vendor/@fortawesome/fontawesome-free/css/all.min.css]
[templates.iqonic.design/cloudbox/html/assets/vendor/line-awesome/dist/line-awesome/css/line-awesome.min.css]
[templates.iqonic.design/cloudbox/html/assets/vendor/remixicon/fonts/remixicondf6d.eot]
[templates.iqonic.design/cloudbox/html/assets/vendor/remixicon/fonts/remixicondf6d.woff2]
[templates.iqonic.design/cloudbox/html/assets/vendor/remixicon/fonts/remixicondf6d.woff]
[templates.iqonic.design/cloudbox/html/assets/vendor/remixicon/fonts/remixicondf6d.ttf]
[templates.iqonic.design/cloudbox/html/assets/vendor/remixicon/fonts/remixicon.css]
[templates.iqonic.design/cloudbox/html/assets/vendor/doc-viewer/include/pdf/images/shadow.png]
[templates.iqonic.design/cloudbox/html/assets/vendor/doc-viewer/include/pdf/images/loading-icon.gif]
[templates.iqonic.design/cloudbox/html/assets/vendor/doc-viewer/include/pdf/images/texture.png]
[templates.iqonic.design/cloudbox/html/assets/vendor/doc-viewer/include/pdf/images/loading-small.png]
[templates.iqonic.design/cloudbox/html/assets/vendor/doc-viewer/include/pdf/images/toolbarButton-menuArrows.png]
[templates.iqonic.design/cloudbox/html/assets/vendor/doc-viewer/include/pdf/images/toolbarButton-sidebarToggle.png]
[templates.iqonic.design/cloudbox/html/assets/vendor/doc-viewer/include/pdf/images/toolbarButton-sidebarToggle-rtl.png]
[templates.iqonic.design/cloudbox/html/assets/vendor/doc-viewer/include/pdf/images/toolbarButton-secondaryToolbarToggle.png]
[templates.iqonic.design/cloudbox/html/assets/vendor/doc-viewer/include/pdf/images/toolbarButton-secondaryToolbarToggle-rtl.png]
[templates.iqonic.design/cloudbox/html/assets/vendor/doc-viewer/include/pdf/images/findbarButton-previous.png]
[templates.iqonic.design/cloudbox/html/assets/vendor/doc-viewer/include/pdf/images/findbarButton-previous-rtl.png]
[templates.iqonic.design/cloudbox/html/assets/vendor/doc-viewer/include/pdf/images/findbarButton-next.png]
[templates.iqonic.design/cloudbox/html/assets/vendor/doc-viewer/include/pdf/images/findbarButton-next-rtl.png]
[templates.iqonic.design/cloudbox/html/assets/vendor/doc-viewer/include/pdf/images/toolbarButton-pageUp.png]
[templates.iqonic.design/cloudbox/html/assets/vendor/doc-viewer/include/pdf/images/toolbarButton-pageUp-rtl.png]
[templates.iqonic.design/cloudbox/html/assets/vendor/doc-viewer/include/pdf/images/toolbarButton-pageDown.png]
[templates.iqonic.design/cloudbox/html/assets/vendor/doc-viewer/include/pdf/images/toolbarButton-pageDown-rtl.png]
[templates.iqonic.design/cloudbox/html/assets/vendor/doc-viewer/include/pdf/images/toolbarButton-zoomOut.png]
[templates.iqonic.design/cloudbox/html/assets/vendor/doc-viewer/include/pdf/images/toolbarButton-zoomIn.png]
[templates.iqonic.design/cloudbox/html/assets/vendor/doc-viewer/include/pdf/images/toolbarButton-presentationMode.png]
[templates.iqonic.design/cloudbox/html/assets/vendor/doc-viewer/include/pdf/images/toolbarButton-print.png]
[templates.iqonic.design/cloudbox/html/assets/vendor/doc-viewer/include/pdf/images/toolbarButton-openFile.png]
[templates.iqonic.design/cloudbox/html/assets/vendor/doc-viewer/include/pdf/images/toolbarButton-download.png]
[templates.iqonic.design/cloudbox/html/assets/vendor/doc-viewer/include/pdf/images/toolbarButton-bookmark.png]
[templates.iqonic.design/cloudbox/html/assets/vendor/doc-viewer/include/pdf/images/toolbarButton-viewThumbnail.png]
[templates.iqonic.design/cloudbox/html/assets/vendor/doc-viewer/include/pdf/images/toolbarButton-viewOutline.png]
[templates.iqonic.design/cloudbox/html/assets/vendor/doc-viewer/include/pdf/images/toolbarButton-viewOutline-rtl.png]
[templates.iqonic.design/cloudbox/html/assets/vendor/doc-viewer/include/pdf/images/toolbarButton-viewAttachments.png]
[templates.iqonic.design/cloudbox/html/assets/vendor/doc-viewer/include/pdf/images/toolbarButton-search.png]
[templates.iqonic.design/cloudbox/html/assets/vendor/doc-viewer/include/pdf/images/secondaryToolbarButton-firstPage.png]
[templates.iqonic.design/cloudbox/html/assets/vendor/doc-viewer/include/pdf/images/secondaryToolbarButton-lastPage.png]
[templates.iqonic.design/cloudbox/html/assets/vendor/doc-viewer/include/pdf/images/secondaryToolbarButton-rotateCcw.png]
[templates.iqonic.design/cloudbox/html/assets/vendor/doc-viewer/include/pdf/images/secondaryToolbarButton-rotateCw.png]
[templates.iqonic.design/cloudbox/html/assets/vendor/doc-viewer/include/pdf/images/secondaryToolbarButton-selectTool.png]
[templates.iqonic.design/cloudbox/html/assets/vendor/doc-viewer/include/pdf/images/secondaryToolbarButton-handTool.png]
[templates.iqonic.design/cloudbox/html/assets/vendor/doc-viewer/include/pdf/images/secondaryToolbarButton-documentProperties.png]
[templates.iqonic.design/cloudbox/html/assets/vendor/doc-viewer/include/pdf/images/treeitem-expanded.png]
[templates.iqonic.design/cloudbox/html/assets/vendor/doc-viewer/include/pdf/images/treeitem-collapsed.png]
[templates.iqonic.design/cloudbox/html/assets/vendor/doc-viewer/include/pdf/images/treeitem-collapsed-rtl.png]
[templates.iqonic.design/cloudbox/html/assets/vendor/doc-viewer/include/pdf/images/loading-small@2x.png]
[templates.iqonic.design/cloudbox/html/assets/vendor/doc-viewer/include/pdf/images/toolbarButton-menuArrows@2x.png]
[templates.iqonic.design/cloudbox/html/assets/vendor/doc-viewer/include/pdf/images/toolbarButton-sidebarToggle@2x.png]
[templates.iqonic.design/cloudbox/html/assets/vendor/doc-viewer/include/pdf/images/toolbarButton-sidebarToggle-rtl@2x.png]
[templates.iqonic.design/cloudbox/html/assets/vendor/doc-viewer/include/pdf/images/toolbarButton-secondaryToolbarToggle@2x.png]
[templates.iqonic.design/cloudbox/html/assets/vendor/doc-viewer/include/pdf/images/toolbarButton-secondaryToolbarToggle-rtl@2x.png]
[templates.iqonic.design/cloudbox/html/assets/vendor/doc-viewer/include/pdf/images/findbarButton-previous@2x.png]
[templates.iqonic.design/cloudbox/html/assets/vendor/doc-viewer/include/pdf/images/findbarButton-previous-rtl@2x.png]
[templates.iqonic.design/cloudbox/html/assets/vendor/doc-viewer/include/pdf/images/findbarButton-next@2x.png]
[templates.iqonic.design/cloudbox/html/assets/vendor/doc-viewer/include/pdf/images/findbarButton-next-rtl@2x.png]
[templates.iqonic.design/cloudbox/html/assets/vendor/doc-viewer/include/pdf/images/toolbarButton-pageUp@2x.png]
[templates.iqonic.design/cloudbox/html/assets/vendor/doc-viewer/include/pdf/images/toolbarButton-pageUp-rtl@2x.png]
[templates.iqonic.design/cloudbox/html/assets/vendor/doc-viewer/include/pdf/images/toolbarButton-pageDown@2x.png]
[templates.iqonic.design/cloudbox/html/assets/vendor/doc-viewer/include/pdf/images/toolbarButton-pageDown-rtl@2x.png]
[templates.iqonic.design/cloudbox/html/assets/vendor/doc-viewer/include/pdf/images/toolbarButton-zoomIn@2x.png]
[templates.iqonic.design/cloudbox/html/assets/vendor/doc-viewer/include/pdf/images/toolbarButton-zoomOut@2x.png]
[templates.iqonic.design/cloudbox/html/assets/vendor/doc-viewer/include/pdf/images/toolbarButton-presentationMode@2x.png]
[templates.iqonic.design/cloudbox/html/assets/vendor/doc-viewer/include/pdf/images/toolbarButton-print@2x.png]
[templates.iqonic.design/cloudbox/html/assets/vendor/doc-viewer/include/pdf/images/toolbarButton-openFile@2x.png]
[templates.iqonic.design/cloudbox/html/assets/vendor/doc-viewer/include/pdf/images/toolbarButton-download@2x.png]
[templates.iqonic.design/cloudbox/html/assets/vendor/doc-viewer/include/pdf/images/toolbarButton-bookmark@2x.png]
[templates.iqonic.design/cloudbox/html/assets/vendor/doc-viewer/include/pdf/images/toolbarButton-viewThumbnail@2x.png]
[templates.iqonic.design/cloudbox/html/assets/vendor/doc-viewer/include/pdf/images/toolbarButton-viewOutline@2x.png]
[templates.iqonic.design/cloudbox/html/assets/vendor/doc-viewer/include/pdf/images/toolbarButton-viewOutline-rtl@2x.png]
[templates.iqonic.design/cloudbox/html/assets/vendor/doc-viewer/include/pdf/images/toolbarButton-viewAttachments@2x.png]
[templates.iqonic.design/cloudbox/html/assets/vendor/doc-viewer/include/pdf/images/toolbarButton-search@2x.png]
[templates.iqonic.design/cloudbox/html/assets/vendor/doc-viewer/include/pdf/images/secondaryToolbarButton-firstPage@2x.png]
[templates.iqonic.design/cloudbox/html/assets/vendor/doc-viewer/include/pdf/images/secondaryToolbarButton-lastPage@2x.png]
[templates.iqonic.design/cloudbox/html/assets/vendor/doc-viewer/include/pdf/images/secondaryToolbarButton-rotateCcw@2x.png]
[templates.iqonic.design/cloudbox/html/assets/vendor/doc-viewer/include/pdf/images/secondaryToolbarButton-rotateCw@2x.png]
[templates.iqonic.design/cloudbox/html/assets/vendor/doc-viewer/include/pdf/images/secondaryToolbarButton-selectTool@2x.png]
[templates.iqonic.design/cloudbox/html/assets/vendor/doc-viewer/include/pdf/images/secondaryToolbarButton-handTool@2x.png]
[templates.iqonic.design/cloudbox/html/assets/vendor/doc-viewer/include/pdf/images/secondaryToolbarButton-documentProperties@2x.png]
[templates.iqonic.design/cloudbox/html/assets/vendor/doc-viewer/include/pdf/images/treeitem-expanded@2x.png]
[templates.iqonic.design/cloudbox/html/assets/vendor/doc-viewer/include/pdf/images/treeitem-collapsed@2x.png]
[templates.iqonic.design/cloudbox/html/assets/vendor/doc-viewer/include/pdf/images/treeitem-collapsed-rtl@2x.png]
[templates.iqonic.design/cloudbox/html/assets/vendor/doc-viewer/include/pdf/pdf.viewer.css]
[templates.iqonic.design/cloudbox/html/assets/vendor/doc-viewer/include/PPTXjs/css/pptxjs.css]
[templates.iqonic.design/cloudbox/html/assets/vendor/doc-viewer/include/PPTXjs/css/nv.d3.min.css]
[templates.iqonic.design/cloudbox/html/assets/vendor/doc-viewer/include/SheetJS/handsontable.full.min.css]
[templates.iqonic.design/cloudbox/html/assets/vendor/doc-viewer/include/verySimpleImageViewer/css/jquery.verySimpleImageViewer.css]
[templates.iqonic.design/cloudbox/html/assets/vendor/doc-viewer/include/officeToHtml/officeToHtml.css]
[templates.iqonic.design/cloudbox/html/assets/images/layouts/page-1/01.png]
[templates.iqonic.design/cloudbox/html/assets/images/layouts/page-1/02.png]
[templates.iqonic.design/cloudbox/html/assets/images/layouts/page-1/03.png]
[templates.iqonic.design/cloudbox/html/assets/images/layouts/page-1/04.png]
[templates.iqonic.design/cloudbox/html/assets/images/layouts/page-4/pdf.png]
[templates.iqonic.design/cloudbox/html/assets/images/layouts/page-4/doc.png]
[templates.iqonic.design/cloudbox/html/assets/images/layouts/page-4/xlsx.png]
[templates.iqonic.design/cloudbox/html/assets/images/layouts/page-4/ppt.png]
[templates.iqonic.design/cloudbox/html/backend/page-alexa.html]
[templates.iqonic.design/cloudbox/html/assets/images/layouts/page-2/01.png]
[templates.iqonic.design/cloudbox/html/assets/images/layouts/page-2/02.png]
[templates.iqonic.design/cloudbox/html/assets/images/layouts/page-2/03.png]
[templates.iqonic.design/cloudbox/html/assets/images/layouts/page-2/04.png]
[templates.iqonic.design/cloudbox/html/assets/images/layouts/page-2/pdf.png]
[templates.iqonic.design/cloudbox/html/assets/images/layouts/page-2/doc.png]
[templates.iqonic.design/cloudbox/html/assets/images/layouts/page-2/xlsx.png]
[templates.iqonic.design/cloudbox/html/assets/images/layouts/page-2/ppt.png]
[templates.iqonic.design/cloudbox/html/backend/page-android.html]
[templates.iqonic.design/cloudbox/html/assets/images/layouts/page-3/01.png]
[templates.iqonic.design/cloudbox/html/assets/images/layouts/page-3/02.png]
[templates.iqonic.design/cloudbox/html/assets/images/layouts/page-3/03.png]
[templates.iqonic.design/cloudbox/html/assets/images/layouts/page-3/04.png]
[templates.iqonic.design/cloudbox/html/assets/images/layouts/page-3/pdf.png]
[templates.iqonic.design/cloudbox/html/assets/images/layouts/page-3/doc.png]
[templates.iqonic.design/cloudbox/html/assets/images/layouts/page-3/xlsx.png]
[templates.iqonic.design/cloudbox/html/assets/images/layouts/page-3/ppt.png]
[templates.iqonic.design/cloudbox/html/backend/page-brightspot.html]
[templates.iqonic.design/cloudbox/html/assets/images/layouts/page-4/01.png]
[templates.iqonic.design/cloudbox/html/assets/images/layouts/page-4/02.png]
[templates.iqonic.design/cloudbox/html/assets/images/layouts/page-4/03.png]
[templates.iqonic.design/cloudbox/html/assets/images/layouts/page-4/04.png]
[templates.iqonic.design/cloudbox/html/backend/page-ionic.html]
[templates.iqonic.design/cloudbox/html/assets/images/layouts/page-7/pdf.png]
[templates.iqonic.design/cloudbox/html/assets/images/layouts/page-7/doc.png]
[templates.iqonic.design/cloudbox/html/assets/images/layouts/page-7/xlsx.png]
[templates.iqonic.design/cloudbox/html/assets/images/layouts/page-7/ppt.png]
[templates.iqonic.design/cloudbox/html/backend/page-files.html]
[templates.iqonic.design/cloudbox/html/backend/page-folders.html]
[templates.iqonic.design/cloudbox/html/assets/images/layouts/page-6/01.png]
[templates.iqonic.design/cloudbox/html/assets/images/layouts/page-6/02.png]
[templates.iqonic.design/cloudbox/html/assets/images/layouts/page-6/03.png]
[templates.iqonic.design/cloudbox/html/assets/images/layouts/page-6/04.png]
[templates.iqonic.design/cloudbox/html/assets/images/layouts/page-6/pdf.png]
[templates.iqonic.design/cloudbox/html/assets/images/layouts/page-6/doc.png]
[templates.iqonic.design/cloudbox/html/assets/images/layouts/page-6/xlsx.png]
[templates.iqonic.design/cloudbox/html/assets/images/layouts/page-6/ppt.png]
[templates.iqonic.design/cloudbox/html/backend/page-favourite.html]
[templates.iqonic.design/cloudbox/html/assets/images/layouts/page-5/01.png]
[templates.iqonic.design/cloudbox/html/assets/images/layouts/page-5/02.png]
[templates.iqonic.design/cloudbox/html/assets/images/layouts/page-5/03.png]
[templates.iqonic.design/cloudbox/html/assets/images/layouts/page-5/04.png]
[templates.iqonic.design/cloudbox/html/assets/images/layouts/page-5/pdf.png]
[templates.iqonic.design/cloudbox/html/assets/images/layouts/page-5/doc.png]
[templates.iqonic.design/cloudbox/html/assets/images/layouts/page-5/xlsx.png]
[templates.iqonic.design/cloudbox/html/assets/images/layouts/page-5/ppt.png]
[templates.iqonic.design/cloudbox/html/backend/page-delete.html]
[templates.iqonic.design/cloudbox/html/assets/images/user/1.jpg]
[templates.iqonic.design/cloudbox/html/assets/images/user/i1.jpg]
[templates.iqonic.design/cloudbox/html/assets/images/user/05.jpg]
[templates.iqonic.design/cloudbox/html/assets/images/user/06.jpg]
[templates.iqonic.design/cloudbox/html/assets/images/user/07.jpg]
[templates.iqonic.design/cloudbox/html/backend/ui-avatars.html]
[templates.iqonic.design/cloudbox/html/backend/ui-alerts.html]
[templates.iqonic.design/cloudbox/html/backend/ui-badges.html]
[templates.iqonic.design/cloudbox/html/backend/ui-breadcrumb.html]
[templates.iqonic.design/cloudbox/html/backend/ui-buttons.html]
[templates.iqonic.design/cloudbox/html/backend/ui-buttons-group.html]
[templates.iqonic.design/cloudbox/html/backend/ui-boxshadow.html]
[templates.iqonic.design/cloudbox/html/backend/ui-colors.html]
[templates.iqonic.design/cloudbox/html/assets/images/page-img/07.jpg]
[templates.iqonic.design/cloudbox/html/assets/images/page-img/08.jpg]
[templates.iqonic.design/cloudbox/html/assets/images/page-img/09.jpg]
[templates.iqonic.design/cloudbox/html/backend/ui-cards.html]
[templates.iqonic.design/cloudbox/html/assets/images/small/img-1.jpg]
[templates.iqonic.design/cloudbox/html/backend/ui-carousel.html]
[templates.iqonic.design/cloudbox/html/backend/ui-grid.html]
[templates.iqonic.design/cloudbox/html/backend/ui-helper-classes.html]
[templates.iqonic.design/cloudbox/html/assets/images/page-img/15.jpg]
[templates.iqonic.design/cloudbox/html/assets/images/page-img/16.jpg]
[templates.iqonic.design/cloudbox/html/assets/images/page-img/17.jpg]
[templates.iqonic.design/cloudbox/html/assets/images/page-img/18.jpg]
[templates.iqonic.design/cloudbox/html/assets/images/page-img/19.jpg]
[templates.iqonic.design/cloudbox/html/assets/images/page-img/20.jpg]
[templates.iqonic.design/cloudbox/html/assets/images/page-img/10.jpg]
[templates.iqonic.design/cloudbox/html/assets/images/page-img/11.jpg]
[templates.iqonic.design/cloudbox/html/assets/images/page-img/12.jpg]
[templates.iqonic.design/cloudbox/html/assets/images/page-img/13.jpg]
[templates.iqonic.design/cloudbox/html/assets/images/page-img/14.jpg]
[templates.iqonic.design/cloudbox/html/assets/images/page-img/21.jpg]
[templates.iqonic.design/cloudbox/html/assets/images/page-img/22.jpg]
[templates.iqonic.design/cloudbox/html/assets/images/page-img/23.jpg]
[templates.iqonic.design/cloudbox/html/assets/images/page-img/24.jpg]
[templates.iqonic.design/cloudbox/html/backend/ui-images.html]
[templates.iqonic.design/cloudbox/html/backend/ui-list-group.html]
[templates.iqonic.design/cloudbox/html/backend/ui-media-object.html]
[templates.iqonic.design/cloudbox/html/backend/ui-modal.html]
[templates.iqonic.design/cloudbox/html/backend/ui-notifications.html]
[templates.iqonic.design/cloudbox/html/backend/ui-pagination.html]
[templates.iqonic.design/cloudbox/html/backend/ui-popovers.html]
[templates.iqonic.design/cloudbox/html/backend/ui-progressbars.html]
[templates.iqonic.design/cloudbox/html/backend/ui-typography.html]
[templates.iqonic.design/cloudbox/html/backend/ui-tabs.html]
[templates.iqonic.design/cloudbox/html/backend/ui-tooltips.html]
[templates.iqonic.design/cloudbox/html/backend/ui-embed-video.html]
[templates.iqonic.design/cloudbox/html/backend/auth-sign-in.html]
[templates.iqonic.design/cloudbox/html/backend/auth-sign-up.html]
[templates.iqonic.design/cloudbox/html/backend/auth-recoverpw.html]
[templates.iqonic.design/cloudbox/html/backend/auth-confirm-mail.html]
[templates.iqonic.design/cloudbox/html/backend/auth-lock-screen.html]
[templates.iqonic.design/cloudbox/html/backend/pricing.html]
[templates.iqonic.design/cloudbox/html/backend/pricing-2.html]
[templates.iqonic.design/cloudbox/html/assets/images/error/404.png]
[templates.iqonic.design/cloudbox/html/backend/pages-error.html]
[templates.iqonic.design/cloudbox/html/assets/images/error/500.png]
[templates.iqonic.design/cloudbox/html/backend/pages-error-500.html]
[templates.iqonic.design/cloudbox/html/backend/pages-blank-page.html]
[templates.iqonic.design/cloudbox/html/assets/images/error/02.png]
[templates.iqonic.design/cloudbox/html/backend/pages-maintenance.html]
[templates.iqonic.design/cloudbox/html/backend/privacy-policy.html]
[templates.iqonic.design/cloudbox/html/backend/terms-of-service.html]
[templates.iqonic.design/cloudbox/html/assets/vendor/remixicon/fonts/remixicondf6d.svg]
[templates.iqonic.design/cloudbox/html/assets/vendor/doc-viewer/include/pdf/images/grab.html]
[templates.iqonic.design/cloudbox/html/assets/vendor/doc-viewer/include/pdf/images/grabbing.html]
